GAMS Rev 232  WEX-WEI 23.2.1 x86_64/MS Windows                                                     03/20/12 15:04:53 Page 1
China model version 1
C o m p i l a t i o n


   2   
   3  *-------------------------------------------------------------------
   4  *       Read SAM data:
   5  *-------------------------------------------------------------------
   6   
   7  set     i_   SAM rows and colums indices   /
   8          1*30    Industries,
   9          31*60   Commodities,
  10          61      Labor,
  11          62      Capital,
  12          63      Household,
  13          64      Central Government,
  14          65      Local Government,
  15          66      Production tax,
  16          67      Commodity tax,
  17          68      Factor tax,
  18          69      Income tax,
  19          70      Domestic trade,
  20          71      Foreign trade,
  21          72      Investment,
  22          73      Inventory,
  23          74      Trade margin/;
  24   
  25  alias (i_,j_);
  26   
  27  set      r China provinces      /BEJ,TAJ,HEB,SHX,NMG,LIA,JIL,HLJ,SHH,JSU,ZHJ,ANH,FUJ,JXI,SHD,HEN,HUB,HUN,GUD,GXI,HAI,
      CHQ,SIC,GZH,YUN,SHA,GAN,NXA,QIH,XIN/;
  28   
  29  parameter sam(r,i_,j_)  SAM data;
  30   
GDXIN   c:\Users\dzhang\Dropbox\China_model\model\sam5.gdx
--- LOAD  sam = 22:sam5
  33   
  34  *-------------------------------------------------------------------
  35  *       RELABEL SETS:
  36  *-------------------------------------------------------------------
  37   
  38  SET     f    Factors /cap,lab,res/
  39          g    Goods and final demands/
  40   
  41          AGR     "Crop cultivation,Forestry,Livestock and livestock products and Fishery"
  42          COAL    "Coal mining and processing"
  43          OIL     "Crude petroleum products"
  44          MM      "Metal minerals mining"
  45          NMM     "Non-metal minerals and other mining"
  46          FBT     "Food, baverage and tobacco"
  47          TXT     "Textiles"
  48          CLO     "Wearing apparel, leather, furs, down and related products"
  49          LOG     "Logging and transport of timber and furniture"
  50          PAP     "Paper, printing, record medium reproduction, cultural goods, toys, sporting and recreation products"
  51          ROIL    "Petroleum refining, coking and nuclear fuels"
  52          CHE     "Chemical engineering"
  53          NMP     "Non-metallic mineral products"
  54          MSP     "Metal smelting and processing"
  55          MP      "Metal product"
  56          GSM     "General and special  industrial machinery and equipment"
  57          TME     "Transport machinery and equipment"
  58          EME     "Electric machinery and equipment"
  59          CCE     "Communicatoin, computer and other electronic machinery and equipment"
  60          IM      "Instruments, meters ,other measuring equipment and cultural and office equipment"
  61          AC      "Arts and crafts products and other manufacturing  products"
  62          WAS     "Scrap and waste"
  63          ELEH    "Electricity production and supply, and steam and hot water production and supply"
  64          FG      "Gas production and supply"
  65          WT      "Water production and supply"
  66          CON     "Construction"
  67          TP      "Transportation and warehousing, Post"
  68          WRHR    "Wholesale and retail trade, Hotels and restraunts"
  69          OTH     "Other service industry"
  70          NG      "natural gas products"
  71   
  72          c       "Private consumption"
  73          cg      "Central Government"
GAMS Rev 232  WEX-WEI 23.2.1 x86_64/MS Windows                                                     03/20/12 15:04:53 Page 2
China model version 1
C o m p i l a t i o n


  74          lg      "Local Government"
  75          i       "Investment"
  76          /
  77   
  78          i(g)    "Goods and sectors" /
  79          AGR     "Crop cultivation,Forestry,Livestock and livestock products and Fishery"
  80          COAL    "Coal mining and processing"
  81          OIL     "Crude petroleum products"
  82          MM      "Metal minerals mining"
  83          NMM     "Non-metal minerals and other mining"
  84          FBT     "Food, baverage and tobacco"
  85          TXT     "Textiles"
  86          CLO     "Wearing apparel, leather, furs, down and related products"
  87          LOG     "Logging and transport of timber and furniture"
  88          PAP     "Paper, printing, record medium reproduction, cultural goods, toys, sporting and recreation products"
  89          ROIL    "Petroleum refining, coking and nuclear fuels"
  90          CHE     "Chemical engineering"
  91          NMP     "Non-metallic mineral products"
  92          MSP     "Metal smelting and processing"
  93          MP      "Metal product"
  94          GSM     "General and special  industrial machinery and equipment"
  95          TME     "Transport machinery and equipment"
  96          EME     "Electric machinery and equipment"
  97          CCE     "Communicatoin, computer and other electronic machinery and equipment"
  98          IM      "Instruments, meters ,other measuring equipment and cultural and office equipment"
  99          AC      "Arts and crafts products and other manufacturing  products"
 100          WAS     "Scrap and waste"
 101          ELEH    "Electricity production and supply, and steam and hot water production and supply"
 102          FG      "Gas production and supply"
 103          WT      "Water production and supply"
 104          CON     "Construction"
 105          TP      "Transportation and warehousing, Post"
 106          WRHR    "Wholesale and retail trade, Hotels and restraunts"
 107          OTH     "Other service industry"
 108          NG      "Natural gas products"
 109          /
 110          ;
 111   
 112  alias (i,j) , (g,gg) , (r,rr);
 113   
 114  *       Map i set to new subsets:
 115   
 116  set     mapf(i_,f) /
 117          61.lab
 118          62.cap/,
 119   
 120          mapic(i_,i) /
 121          1.AGR
 122          2.COAL
 123          3.OIL
 124          4.MM
 125          5.NMM
 126          6.FBT
 127          7.TXT
 128          8.CLO
 129          9.LOG
 130          10.PAP
 131          11.ROIL
 132          12.CHE
 133          13.NMP
 134          14.MSP
 135          15.MP
 136          16.GSM
 137          17.TME
 138          18.EME
 139          19.CCE
 140          20.IM
 141          21.AC
 142          22.WAS
 143          23.ELEH
 144          24.FG
 145          25.WT
 146          26.CON
GAMS Rev 232  WEX-WEI 23.2.1 x86_64/MS Windows                                                     03/20/12 15:04:53 Page 3
China model version 1
C o m p i l a t i o n


 147          27.TP
 148          28.WRHR
 149          29.OTH
 150          30.NG
 151          /
 152   
 153          mapjc(i_,i) /
 154          31.AGR
 155          32.COAL
 156          33.OIL
 157          34.MM
 158          35.NMM
 159          36.FBT
 160          37.TXT
 161          38.CLO
 162          39.LOG
 163          40.PAP
 164          41.ROIL
 165          42.CHE
 166          43.NMP
 167          44.MSP
 168          45.MP
 169          46.GSM
 170          47.TME
 171          48.EME
 172          49.CCE
 173          50.IM
 174          51.AC
 175          52.WAS
 176          53.ELEH
 177          54.FG
 178          55.WT
 179          56.CON
 180          57.TP
 181          58.WRHR
 182          59.OTH
 183          60.NG
 184          /
 185          gov(g) Government agents /
 186          cg Central government
 187          lg Local government
 188          /
 189          maph(i_,g) /63.c/
 190          mapg(i_,gov) /64.cg,65.lg/
 191          mapinv(i_,g) /72.i/
 192  ;
 193   
 194  alias (gov,govv);
 195   
 196  set     trd Domestic and foreign markets /dtrd,ftrd/
 197          tb  Trade surplus or deficit /s,d/;
 198   
 199  *-------------------------------------------------------------------
 200  *       LABEL DATA:
 201  *-------------------------------------------------------------------
 202   
 203  parameter
 204          vom(g,r)       "Aggregate output"
 205          vom_(i,j_,r)   "Aggregate output"
 206   
 207          vfm(f,g,r)     "Endowments "
 208          evom(f,r)      "Factor supply"
 209          vafm(i,g,r)    "Intermediate demand for Armington goods,"
 210          vafm_(i,j_,r)  "Intermediate demand for Armington goods"
 211  * no data on vdfm and vifm
 212  *        vdfm(i,g,rs)    Intermediates - firms' domestic purchases at market prices,
 213  *        vifm(i,g,rs,trd)        Intermediates - firms' imports at market prices (ADDED DIMENSION),
 214   
 215          vfm(f,g,r)     "Endowments "
 216          evom(f,r)      "Factor supply"
 217   
 218          vafm(i,g,r)    "Intermediate demand for Armington goods,"
 219          vafm_(i,j_,r)  "Intermediate demand for Armington goods"
GAMS Rev 232  WEX-WEI 23.2.1 x86_64/MS Windows                                                     03/20/12 15:04:53 Page 4
China model version 1
C o m p i l a t i o n


 220  *       no data on vdfm and vifm
 221  *       vdfm(i,g,rs)    Intermediates - firms' domestic purchases at market prices,
 222  *       vifm(i,g,rs,trd)        Intermediates - firms' imports at market prices (ADDED DIMENSION),
 223          vxm(i,r,trd)   "Domestic and foreign exports "
 224          vim(i,r,trd)   "Aggregate imports"
 225          vtax(g,r)      "Output tax payments"
 226          vsub(g,r)      "Output subsidy payments"
 227          vtrdm(g,r)     "Trade margins"
 228          vinvta(i,r)     "Inventory additions (column) and deletions (row)"
 229          vinvtd(i,r)     "Inventory deletions (row)"
 230          vtrnm(i,r)      "Transportation margins"
 231   
 232          vdepr(f,r)      "Depreciation of capital"
 233          vtrdbal(r,trd,tb)   "Balance of payments surplus or deficit"
 234   
 235          vinvs(r,g)           "Investment demand by agent"
 236          vinvsn(r,g)           "Negative demand to close investement account (need to revisit)"
 237          vinvch(r)          "Inventory change in household account"
 238          vttrn(r,g,gg)   "Transfer payments between agents (from-to)"
 239   
 240          vtaxrev(r,g)    "Tax revenue for government agent"
 241          vinvta(i,r)     "Inventory additions (column)"
 242          vinvtd(i,r)     "Inventory deletions (row)"
 243          vtrnm(i,r)      "Transportation margins"
 244   
 245          vdepr(f,r)              "Depreciation of capital"
 246          vtrdbal(r,trd,tb)       "Balance of payments surplus or deficit"
 247   
 248          vinvs(r,g)              "Investment demand by agent"
 249          vinvsn(r,g)             "Negative demand to close investement account (need to revisit)"
 250          vinvch(r)               "Inventory change in household account"
 251          vttrn(r,g,gg)           "Transfer payments between agents (from-to)"
 252   
 253          vtaxrev(r,g)            "Tax revenue for government agent"
 254   
 255  ;
 256   
 257   
 258  *       Aggregate output:
 259  loop(i$(ord(i) le 30),
 260  loop(i_$(ord(i_) eq ord(i)),
 261  loop(j_$(ord(j_) eq 30+ord(i)),
 262  *loop(i_$(ord(i_) le 30),
 263  *loop(j_$(ord(j_) eq 30+ord(i_)),
 264  *vom_(i,j_,r) = sum(mapic(i_,i), sam(r,i_,j_));
 265  vom(i,r) = sam(r,i_,j_);
 266  );
 267  );
 268  );
 269  *vom(i,r) = sum(j_,vom_(i,j_,r));
 270  *display vom;
 271   
 272  *       Factor payments by sector:
 273  vfm(f,i,r) = sum(mapf(j_,f),sum(mapic(i_,i),sam(r,j_,i_)));
 274  *display vfm;
 275   
 276  *       Intermediate demands for Armington goods:
 277  vafm(j,i,r) =  sum((mapic(i_,i),mapjc(j_,j)),sam(r,j_,i_));
 278  vafm(j,"c",r) =  sum((maph(i_,g),mapjc(j_,j)),sam(r,j_,i_));
 279  vafm(j,"i",r) =  sum((mapinv(i_,g),mapjc(j_,j)),sam(r,j_,i_));
 280  vafm(j,gov,r) =  sum((mapg(i_,gov),mapjc(j_,j)),sam(r,j_,i_));
 281   
 282  *       Domestic and foreign exports and immports:
 283  vxm(i,r,"dtrd")  = sum(mapjc(i_,i),sam(r,i_,"70"));
 284  vxm(i,r,"ftrd")  = sum(mapjc(i_,i),sam(r,i_,"71"));
 285   
 286  vim(i,r,"dtrd")  = sum(mapjc(i_,i),sam(r,"70",i_));
 287  vim(i,r,"ftrd")  = sum(mapjc(i_,i),sam(r,"71",i_));
 288   
 289  *       Output/subsidy taxes:
 290  vtax(i,r) = sum(mapic(i_,i),sam(r,"66",i_));
 291  vsub(i,r) = sum(mapic(i_,i),sam(r,i_,"66"));
 292   
GAMS Rev 232  WEX-WEI 23.2.1 x86_64/MS Windows                                                     03/20/12 15:04:53 Page 5
China model version 1
C o m p i l a t i o n


 293  *       Trade margins:
 294  vtrdm(i,r) = sum(mapjc(i_,i),sam(r,"74",i_));
 295   
 296  *       Inventory additions and deletions:
 297  vinvtd(i,r) = sum(mapjc(i_,i),sam(r,"73",i_));
 298  vinvta(i,r)  = sum(mapjc(i_,i),sam(r,i_,"73"));
 299   
 300  *       Transport margins:
 301  vtrnm(i,r) = sum(mapjc(i_,i),sam(r,i_,"74"));
 302   
 303  *       Earnings from factor supply:
 304  evom(f,r) = sum(mapf(j_,f),sam(r,"63",j_));
 305  vdepr(f,r) = sum(mapf(j_,f),sam(r,"72",j_));
 306   
 307  *       Balance of payments surplus:
 308  vtrdbal(r,"dtrd","s") = sam(r,"70","63");
 309  vtrdbal(r,"ftrd","s") = sam(r,"71","63");
 310  vtrdbal(r,"dtrd","d") = sam(r,"63","70");
 311  vtrdbal(r,"ftrd","d") = sam(r,"63","71");
 312   
 313  *       Investment demand by agent:
 314  vinvs(r,"c") = sam(r,"72","63");
 315  vinvs(r,"cg") = sam(r,"72","64");
 316   
 317  *       Inventory change in household account:
 318  vinvch(r) = sam(r,"73","63");
 319   
 320  *       Transfer payments;
 321  vttrn(r,"lg","cg") = sam(r,"64","65");
 322  vttrn(r,"cg","lg") = sam(r,"65","64");
 323  vttrn(r,"lg","c") = sam(r,"63","65");
 324   
 325  *       Tax revenue:
 326  vtaxrev(r,"lg") = sam(r,"65","66");
 327   
 328  *       Negative demand to close investment account (need to revisit!):
 329  vinvsn(r,"cg") =  sam(r,"64","71");
 330   
 331   
 332  *       Compute additional parameter to define model:
 333  vom("c",r) = sum(j,vafm(j,"c",r));
 334  vom(gov,r) = sum(j,vafm(j,gov,r));
 335  vom("i",r) = sum(j,vafm(j,"i",r));
 336   
 337  parameter
 338          vam     Armginton production;
 339   
 340  vam(i,r) = sum(trd,vim(i,r,trd)) + vom(i,r);
 341   
 342   
 343  *       Check sparsity:
 344   
 345  parameter total_supply,intermediate_demand;
 346  total_supply(i,r) = vom(i,r) + sum(trd,vim(i,r,trd)) + vinvtd(i,r);
 347  intermediate_demand(j,i,r) = vafm(j,i,r);
 348   
 349  parameter chk_vafm;
 350  *chk_vafm(i,g,r) = yes$(vafm(i,g,r) and (not sum(trd,vim(i,r,trd))));
 351  chk_vafm(i,j,r) = yes$(intermediate_demand(i,j,r) and (not total_supply(i,r)));
 352   
 353  display chk_vafm;
 354   
 355   
 356  *-------------------------------------------------------------------
 357  *       ACCOUNTING MODEL IN MPSGE TO ILLUSTRATE IDENTITIES
 358  *       IN SAM TABLES
 359  *-------------------------------------------------------------------
 360   
      $model:china_accmodel
       
       
      $sectors:
              Y(g,r)$vom(g,r)                              ! Sectoral production and final demands
GAMS Rev 232  WEX-WEI 23.2.1 x86_64/MS Windows                                                     03/20/12 15:04:53 Page 6
China model version 1
C o m p i l a t i o n


              A(i,r)$vam(i,r)                              ! Armington composite supply
              X(i,trd,r)$vxm(i,r,trd)                      ! Domestic and international exports
       
      $commodities:
              P(g,r)$vom(g,r)                              ! Domestic output price
              PA(i,r)$vam(i,r)                             ! Armington composite price
              PF(f,r)                                      ! Factor prices
              PTAX(g,r)$(vtax(g,r)-vsub(g,r))              ! Tax payments
              PEX(i,trd)                                   ! Price of domestic exports
              PFX
       
      $consumers:
              RH(r)                                        ! Representative household
              GOVT(r)$vom("lg",r)                          ! Government entity by province comprising local and central gov
      ernment activity
       
       
      * SECTORAL PRODUCTION AND FINAL DEMANDS:
      $prod:Y(g,r)$vom(g,r)
              o:P(g,r)                       q:vom(g,r)
              o:PTAX(g,r)                    q:vsub(g,r)
              i:PA(i,r)                      q:vafm(i,g,r)
              i:PF(f,r)                      q:vfm(f,g,r)
              i:PTAX(g,r)                    q:vtax(g,r)
       
      * DOMESTIC AND INTERNATIONAL EXPORTS:
      $prod:X(i,trd,r)$vom(i,r)
              o:PEX(i,trd)                   q:vxm(i,r,trd)
              i:P(i,r)                       q:vxm(i,r,trd)
       
      * ARMINGTON AGGREGATION FOR DOMESTIC AND IMPORTED VARITIES:
      $prod:A(i,r)$vam(i,r)
              o:PA(i,r)      q:vam(i,r)
              i:P(i,r)       q:vom(i,r)
              i:PEX(i,trd)   q:vim(i,r,trd)
       
       
      * HOUSEHOLD INCOME BY INCOME CLASS:
      $demand:RH(r)
              d:P("c",r)       q:vom("c",r)
              e:PF(f,r)        q:evom(f,r)
              e:PF("cap",r)    q:(-vdepr("cap",r))
              e:P("i",r)       q:(-vinvs(r,"c"))
      * Inventory net additions:
              e:P(i,r)         q:(vinvta(i,r)-vinvtd(i,r))
      * BOP:
              e:PEX("oth","ftrd")      q:(sum(trd,vtrdbal(r,trd,"s")-vtrdbal(r,trd,"d")))
       
       
      * GOVERNMENT ENTITY BY PRONVINCE:
      $demand:GOVT(r)$vom("lg",r)
              d:P("lg",r)       q:vom("lg",r)
      * "Central government" portion of income:
              e:PEX("oth","ftrd") q:(-vttrn(r,"cg","lg"))
              e:PEX("oth","ftrd") q:vttrn(r,"lg","cg")
              e:PEX("oth","ftrd") q:vinvsn(r,"cg")
              e:P("i",r)       q:(-vinvs(r,"cg"))
      * "Local government" portion of income:
              e:PEX("oth","ftrd") q:vttrn(r,"cg","lg")
              e:PEX("oth","ftrd") q:(-vttrn(r,"lg","c"))
              e:PEX("oth","ftrd") q:(-vttrn(r,"lg","cg"))
              e:PTAX(i,r)      q:(vtax(i,r)-vsub(i,r))
       
SYSINCLUDE C:\Program Files\GAMS23.2\mpsgeset
INCLUDE    c:\Users\dzhang\Dropbox\China_model\model\225a\gamsgeh.dat
       
      MPSGE PREPROCESSOR VERSION 12/95
          1
          2
          3  $sectors:
          4          Y(g,r)$vom(g,r)                              ! Sectoral production and final demands
          5          A(i,r)$vam(i,r)                              ! Armington composite supply
          6          X(i,trd,r)$vxm(i,r,trd)                      ! Domestic and international exports
GAMS Rev 232  WEX-WEI 23.2.1 x86_64/MS Windows                                                     03/20/12 15:04:53 Page 7
China model version 1
C o m p i l a t i o n


          7
          8  $commodities:
          9          P(g,r)$vom(g,r)                              ! Domestic output price
         10          PA(i,r)$vam(i,r)                             ! Armington composite price
         11          PF(f,r)                                      ! Factor prices
         12          PTAX(g,r)$(vtax(g,r)-vsub(g,r))              ! Tax payments
         13          PEX(i,trd)                                   ! Price of domestic exports
         14          PFX
         15
         16  $consumers:
         17          RH(r)                                        ! Representative household
         18          GOVT(r)$vom("lg",r)                          ! Government entity by province comprising local and cent
      ral government activity
         19
         20
         21  * SECTORAL PRODUCTION AND FINAL DEMANDS:
         22  $prod:Y(g,r)$vom(g,r)
         23          o:P(g,r)                       q:vom(g,r)
         24          o:PTAX(g,r)                    q:vsub(g,r)
         25          i:PA(i,r)                      q:vafm(i,g,r)
         26          i:PF(f,r)                      q:vfm(f,g,r)
         27          i:PTAX(g,r)                    q:vtax(g,r)
         28
         29  * DOMESTIC AND INTERNATIONAL EXPORTS:
         30  $prod:X(i,trd,r)$vom(i,r)
         31          o:PEX(i,trd)                   q:vxm(i,r,trd)
         32          i:P(i,r)                       q:vxm(i,r,trd)
         33
         34  * ARMINGTON AGGREGATION FOR DOMESTIC AND IMPORTED VARITIES:
         35  $prod:A(i,r)$vam(i,r)
         36          o:PA(i,r)      q:vam(i,r)
         37          i:P(i,r)       q:vom(i,r)
         38          i:PEX(i,trd)   q:vim(i,r,trd)
         39
         40
         41  * HOUSEHOLD INCOME BY INCOME CLASS:
         42  $demand:RH(r)
         43          d:P("c",r)       q:vom("c",r)
         44          e:PF(f,r)        q:evom(f,r)
         45          e:PF("cap",r)    q:(-vdepr("cap",r))
         46          e:P("i",r)       q:(-vinvs(r,"c"))
         47  * Inventory net additions:
         48          e:P(i,r)         q:(vinvta(i,r)-vinvtd(i,r))
         49  * BOP:
         50          e:PEX("oth","ftrd")      q:(sum(trd,vtrdbal(r,trd,"s")-vtrdbal(r,trd,"d")))
         51
         52
         53  * GOVERNMENT ENTITY BY PRONVINCE:
         54  $demand:GOVT(r)$vom("lg",r)
         55          d:P("lg",r)       q:vom("lg",r)
         56  * "Central government" portion of income:
         57          e:PEX("oth","ftrd") q:(-vttrn(r,"cg","lg"))
         58          e:PEX("oth","ftrd") q:vttrn(r,"lg","cg")
         59          e:PEX("oth","ftrd") q:vinvsn(r,"cg")
         60          e:P("i",r)       q:(-vinvs(r,"cg"))
         61  * "Local government" portion of income:
         62          e:PEX("oth","ftrd") q:vttrn(r,"cg","lg")
         63          e:PEX("oth","ftrd") q:(-vttrn(r,"lg","c"))
         64          e:PEX("oth","ftrd") q:(-vttrn(r,"lg","cg"))
         65          e:PTAX(i,r)      q:(vtax(i,r)-vsub(i,r))
         66
         67  $offtext
       
       
      Symbol Listing
       
      Note:   Parameter and set references appearing within
              parentheses are not identified by the preprocessor.
       
      Symbol      Type       References
      ==========  =====      ==================================================
      "C"         SET            43   43
      "CAP"       SET            45
GAMS Rev 232  WEX-WEI 23.2.1 x86_64/MS Windows                                                     03/20/12 15:04:53 Page 8
China model version 1
C o m p i l a t i o n


      "CG"        SET            58   59   62
      "FTRD"      SET            50   57   58   59   62   63   64
      "I"         SET            46   60
      "LG"        SET            55   55   58   62
      "OTH"       SET            50   57   58   59   62   63   64
      A           ACTIV           5   35
      EVOM        PARAM          44
      F           SET            11   26   26   44   44
      G           SET             4   22   23   23   24   24   25   26   27   27
      GOVT        CONSU          18   54
      I           SET             5   25   25   30   31   31   32   32   35   36
                                 36   37   37   38   38   48   65
      P           PRICE           9   23   32   37   43   46   48   55   60
      PA          PRICE          10   25   36
      PEX         PRICE          13   31   38   50   57   58   59   62   63   64
      PF          PRICE          11   26   44   45
      PFX         PRICE          14
      PTAX        PRICE          12   24   27   65
      R           SET             4   22   23   23   24   24   25   25   26   26
                                 27   27   30   31   32   32   35   36   36   37
                                 37   38   42   43   43   44   44   45   46   48
                                 54   55   55   58   59   60   62   65
      RH          CONSU          17   42
      TRD         SET             6   30   31   31   32   38   38
      VAFM        PARAM          25
      VAM         PARAM          36
      VFM         PARAM          26
      VIM         PARAM          38
      VINVSN      PARAM          59
      VOM         PARAM          23   37   43   55
      VSUB        PARAM          24
      VTAX        PARAM          27
      VTTRN       PARAM          58   62
      VXM         PARAM          31   32
      X           ACTIV           6   30
      Y           ACTIV           4   22
       
 630   
 633  CHINA_ACCMODEL.INTEGER1=1;
EXIT C:\Program Files\GAMS23.2\mpsgeset
 636   
 637   
 638  *       Replicate benchmark equilibrium:
 639  china_accmodel.iterlim = 0;
 640  china_accmodel.workspace = 100;
INCLUDE    c:\Users\dzhang\Dropbox\China_model\model\china_accmodel.gen
 835  solve china_accmodel using mcp;
GAMS Rev 232  WEX-WEI 23.2.1 x86_64/MS Windows                                                     03/20/12 15:04:53 Page 9
China model version 1
Include File Summary


   SEQ   GLOBAL TYPE      PARENT   LOCAL  FILENAME

     1        1 INPUT          0       0  c:\Users\dzhang\Dropbox\China_model\model\model.gms
     2       31 GDXIN          1      31  c:\Users\dzhang\Dropbox\China_model\model\sam5.gdx
     3      430 SYSINCLUDE     1     430  .C:\Program Files\GAMS23.2\mpsgeset
     4      449 CALL           3      19  .gmsge_nx "c:\Users\dzhang\Dropbox\China_model\model\225a\gamscge.dat"
     5      450 INCLUDE        3      20  ..c:\Users\dzhang\Dropbox\China_model\model\225a\gamsgeh.dat
     6      635 EXIT           3      22  .C:\Program Files\GAMS23.2\mpsgeset
     7      641 INCLUDE        1     436  .c:\Users\dzhang\Dropbox\China_model\model\china_accmodel.gen
     8      834 EXIT           7     193  .c:\Users\dzhang\Dropbox\China_model\model\china_accmodel.gen


COMPILATION TIME     =        0.062 SECONDS      4 Mb  WEX232-232 Aug 11, 2009
GAMS Rev 232  WEX-WEI 23.2.1 x86_64/MS Windows                                                    03/20/12 15:04:53 Page 10
China model version 1
E x e c u t i o n


----    353 PARAMETER chk_vafm  

                      ( ALL       0.000 )

GAMS Rev 232  WEX-WEI 23.2.1 x86_64/MS Windows                                                    03/20/12 15:04:53 Page 11
China model version 1
Model Statistics    SOLVE CHINA_ACCMODEL Using MCP From line 835


MODEL STATISTICS

BLOCKS OF EQUATIONS           1     SINGLE EQUATIONS            1
BLOCKS OF VARIABLES          11     SINGLE VARIABLES        5,916
NON ZERO ELEMENTS         5,916     NON LINEAR N-Z              0
DERIVATIVE POOL               6     CONSTANT POOL              16
CODE LENGTH                   1


GENERATION TIME      =        0.047 SECONDS      7 Mb  WEX232-232 Aug 11, 2009


EXECUTION TIME       =        0.250 SECONDS      7 Mb  WEX232-232 Aug 11, 2009
GAMS Rev 232  WEX-WEI 23.2.1 x86_64/MS Windows                                                    03/20/12 15:04:53 Page 12
China model version 1
Solution Report     SOLVE CHINA_ACCMODEL Using MCP From line 835


               S O L V E      S U M M A R Y

     MODEL   CHINA_ACCMODEL      
     TYPE    MCP                 
     SOLVER  PATH                FROM LINE  835

**** SOLVER STATUS     13 System Failure           
**** MODEL STATUS      13 Error No Solution        

 RESOURCE USAGE, LIMIT         NA          1000.000
 ITERATION COUNT, LIMIT        NA             0
 EVALUATION ERRORS             NA             0
 
 Computed memory estimate for MPSGE input:              3.06MB
 User-supplied memory estimate for MPSGE input:       100.00MB

*** MPSGE program error


Last scalar input record  36466
Variable not recognized:X.AGR.dtrd.BEJ

Last record processed:


$PROD:X.AGR.dtrd.BEJ

No solution returned
GAMS Rev 232  WEX-WEI 23.2.1 x86_64/MS Windows                                                    03/20/12 15:04:53 Page 13
China model version 1
Solution Report     SOLVE CHINA_ACCMODEL Using MCP From line 835


**** SOLVER STATUS FILE LISTED BELOW
=0 MPSGE-Presol     Aug 14, 2009 23.2.1 WEX 12428.12582 WEI x86_64/MS Windows
 
=1
 
 Computed memory estimate for MPSGE input:              3.06MB
 User-supplied memory estimate for MPSGE input:       100.00MB
=2
=1

*** MPSGE program error


Last scalar input record  36466
Variable not recognized:X.AGR.dtrd.BEJ

Last record processed:


$PROD:X.AGR.dtrd.BEJ
=2
 Exiting with solve status: 13, model status:  13
**** SOLVER STATUS FILE LISTED ABOVE
GAMS Rev 232  WEX-WEI 23.2.1 x86_64/MS Windows                                                    03/20/12 15:04:53 Page 14
China model version 1
Solution Report     SOLVE CHINA_ACCMODEL Using MCP From line 835


**** REPORT FILE SUMMARY

MPS c:\Users\dzhang\Dropbox\China_model\model\225a\gamscge.dat


EXECUTION TIME       =        0.015 SECONDS      4 Mb  WEX232-232 Aug 11, 2009


USER: Institute of Nuclear and New Energy Technology G101217:1031AV-WIN
      TsingHua Univerrsity                                       DC8455
      License for teaching and research at degree granting institutions


**** FILE SUMMARY

Input      c:\Users\dzhang\Dropbox\China_model\model\model.gms
Output     c:\Users\dzhang\Dropbox\China_model\model\model.lst
